[html.vecurosoft.com/consik/demo/index.html]
[backblue.gif]
[fade.gif]
[index.html]
[html.vecurosoft.com/consik/demo/assets/img/favicons/apple-icon-57x57.png]
[html.vecurosoft.com/consik/demo/assets/img/favicons/apple-icon-60x60.png]
[html.vecurosoft.com/consik/demo/assets/img/favicons/apple-icon-72x72.png]
[html.vecurosoft.com/consik/demo/assets/img/favicons/apple-icon-76x76.png]
[html.vecurosoft.com/consik/demo/assets/img/favicons/apple-icon-114x114.png]
[html.vecurosoft.com/consik/demo/assets/img/favicons/apple-icon-120x120.png]
[html.vecurosoft.com/consik/demo/assets/img/favicons/apple-icon-144x144.png]
[html.vecurosoft.com/consik/demo/assets/img/favicons/apple-icon-152x152.png]
[html.vecurosoft.com/consik/demo/assets/img/favicons/apple-icon-180x180.png]
[html.vecurosoft.com/consik/demo/assets/img/favicons/android-icon-192x192.png]
[html.vecurosoft.com/consik/demo/assets/img/favicons/favicon-32x32.png]
[html.vecurosoft.com/consik/demo/assets/img/favicons/favicon-96x96.png]
[html.vecurosoft.com/consik/demo/assets/img/favicons/favicon-16x16.png]
[html.vecurosoft.com/consik/demo/assets/img/favicons/manifest.json]
[html.vecurosoft.com/consik/demo/assets/img/favicons/ms-icon-144x144.png]
[html.vecurosoft.com/consik/demo/assets/css/bootstrap.min.css]
[html.vecurosoft.com/consik/demo/assets/css/magnific-popup.min.css]
[html.vecurosoft.com/consik/demo/assets/css/fontawesome.min.css]
[html.vecurosoft.com/consik/demo/assets/css/slick.min.css]
[html.vecurosoft.com/consik/demo/assets/css/select2.min.css]
[html.vecurosoft.com/consik/demo/assets/img/logo-black.png]
[html.vecurosoft.com/consik/demo/assets/css/style.css]
[html.vecurosoft.com/consik/demo/index-2.html]
[html.vecurosoft.com/consik/demo/index-3.html]
[html.vecurosoft.com/consik/demo/about.html]
[html.vecurosoft.com/consik/demo/services.html]
[html.vecurosoft.com/consik/demo/service-details.html]
[html.vecurosoft.com/consik/demo/shop.html]
[html.vecurosoft.com/consik/demo/shop-details.html]
[html.vecurosoft.com/consik/demo/faq.html]
[html.vecurosoft.com/consik/demo/blog.html]
[html.vecurosoft.com/consik/demo/blog-grid.html]
[html.vecurosoft.com/consik/demo/blog-details.html]
[html.vecurosoft.com/consik/demo/team.html]
[html.vecurosoft.com/consik/demo/team-details.html]
[html.vecurosoft.com/consik/demo/project.html]
[html.vecurosoft.com/consik/demo/project-details.html]
[html.vecurosoft.com/consik/demo/contact.html]
[html.vecurosoft.com/consik/demo/error.html]
[html.vecurosoft.com/consik/demo/comming-soon.html]
[html.vecurosoft.com/consik/demo/account.html]
[html.vecurosoft.com/consik/demo/cart.html]
[html.vecurosoft.com/consik/demo/checkout.html]
[html.vecurosoft.com/consik/demo/price.html]
[html.vecurosoft.com/consik/demo/element-typography.html]
[html.vecurosoft.com/consik/demo/element-buttons.html]
[html.vecurosoft.com/consik/demo/assets/img/widget/gal-1-1.jpg]
[html.vecurosoft.com/consik/demo/assets/img/widget/gal-1-2.jpg]
[html.vecurosoft.com/consik/demo/assets/img/widget/gal-1-3.jpg]
[html.vecurosoft.com/consik/demo/assets/img/widget/gal-1-4.jpg]
[html.vecurosoft.com/consik/demo/assets/img/widget/gal-1-5.jpg]
[html.vecurosoft.com/consik/demo/assets/img/widget/gal-1-6.jpg]
[html.vecurosoft.com/consik/demo/assets/img/logo.png]
[html.vecurosoft.com/consik/demo/index-4.html]
[html.vecurosoft.com/consik/demo/index-5.html]
[html.vecurosoft.com/consik/demo/assets/img/hero/hero-1-2.png]
[html.vecurosoft.com/consik/demo/assets/img/hero/hero-1-1.jpg]
[html.vecurosoft.com/consik/demo/assets/img/about/ab-1-4.png]
[html.vecurosoft.com/consik/demo/assets/img/about/ab-1-1.jpg]
[html.vecurosoft.com/consik/demo/assets/img/about/ab-1-2.jpg]
[html.vecurosoft.com/consik/demo/assets/img/about/ab-1-3.jpg]
[html.vecurosoft.com/consik/demo/assets/img/icons/logo-icon.png]
[html.vecurosoft.com/consik/demo/assets/img/textures/service-block-bg.png]
[html.vecurosoft.com/consik/demo/assets/img/project/project-img-4.jpg]
[html.vecurosoft.com/consik/demo/assets/img/project/project-img-h1-1.jpg]
[html.vecurosoft.com/consik/demo/assets/img/project/project-img-h1-2.jpg]
[html.vecurosoft.com/consik/demo/assets/img/project/project-img-h1-3.jpg]
[html.vecurosoft.com/consik/demo/assets/img/project/project-img-h1-4.jpg]
[html.vecurosoft.com/consik/demo/assets/img/textures/estimate-texures.png]
[html.vecurosoft.com/consik/demo/assets/img/project/project-img-3.png]
[html.vecurosoft.com/consik/demo/assets/img/team/team-member-1-1.png]
[html.vecurosoft.com/consik/demo/assets/img/team/team-member-1-2.png]
[html.vecurosoft.com/consik/demo/assets/img/team/team-member-1-3.png]
[html.vecurosoft.com/consik/demo/assets/img/faq/faq-1-3.png]
[html.vecurosoft.com/consik/demo/assets/img/faq/faq-1-1.jpg]
[html.vecurosoft.com/consik/demo/assets/img/faq/faq-1-2.jpg]
[html.vecurosoft.com/consik/demo/assets/img/calc/calc-bg-1-1.jpg]
[html.vecurosoft.com/consik/demo/assets/img/blog/blog-backlay-1-1.jpg]
[html.vecurosoft.com/consik/demo/assets/img/blog/blog-backlay-1-2.png]
[html.vecurosoft.com/consik/demo/assets/img/blog/blog-h-1-1.jpg]
[html.vecurosoft.com/consik/demo/assets/img/blog/blog-author-1.jpg]
[html.vecurosoft.com/consik/demo/assets/img/blog/blog-h-1-2.jpg]
[html.vecurosoft.com/consik/demo/assets/img/blog/blog-author-2.jpg]
[html.vecurosoft.com/consik/demo/assets/img/blog/blog-h-1-3.jpg]
[html.vecurosoft.com/consik/demo/assets/img/brand/1.png]
[html.vecurosoft.com/consik/demo/assets/img/brand/2.png]
[html.vecurosoft.com/consik/demo/assets/img/brand/3.png]
[html.vecurosoft.com/consik/demo/assets/img/brand/4.png]
[html.vecurosoft.com/consik/demo/assets/img/brand/5.png]
[html.vecurosoft.com/consik/demo/assets/img/footer/footer-bg-h1.jpg]
[html.vecurosoft.com/consik/demo/assets/js/vendor/jquery-3.6.0.min.js]
[html.vecurosoft.com/consik/demo/assets/js/slick.min.js]
[html.vecurosoft.com/consik/demo/assets/js/bootstrap.min.js]
[html.vecurosoft.com/consik/demo/assets/js/wow.min.js]
[html.vecurosoft.com/consik/demo/assets/js/jquery.magnific-popup.min.js]
[html.vecurosoft.com/consik/demo/assets/js/imagesloaded.pkgd.min.js]
[html.vecurosoft.com/consik/demo/assets/js/isotope.pkgd.min.js]
[html.vecurosoft.com/consik/demo/assets/js/select2.min.js]
[html.vecurosoft.com/consik/demo/assets/js/main.js]
[html.vecurosoft.com/consik/demo/index.html]
[html.vecurosoft.com/consik/demo/assets/css/bootstrap.min.css]
[html.vecurosoft.com/consik/demo/assets/fonts/fa-brands-400.eot]
[html.vecurosoft.com/consik/demo/assets/fonts/fa-brands-400d41d.eot]
[html.vecurosoft.com/consik/demo/assets/fonts/fa-brands-400.woff2]
[html.vecurosoft.com/consik/demo/assets/fonts/fa-brands-400.woff]
[html.vecurosoft.com/consik/demo/assets/fonts/fa-brands-400.ttf]
[html.vecurosoft.com/consik/demo/assets/fonts/fa-duotone-900.eot]
[html.vecurosoft.com/consik/demo/assets/fonts/fa-duotone-900d41d.eot]
[html.vecurosoft.com/consik/demo/assets/fonts/fa-duotone-900.woff2]
[html.vecurosoft.com/consik/demo/assets/fonts/fa-duotone-900.woff]
[html.vecurosoft.com/consik/demo/assets/fonts/fa-duotone-900.ttf]
[html.vecurosoft.com/consik/demo/assets/fonts/fa-light-300.eot]
[html.vecurosoft.com/consik/demo/assets/fonts/fa-light-300d41d.eot]
[html.vecurosoft.com/consik/demo/assets/fonts/fa-light-300.woff2]
[html.vecurosoft.com/consik/demo/assets/fonts/fa-light-300.woff]
[html.vecurosoft.com/consik/demo/assets/fonts/fa-light-300.ttf]
[html.vecurosoft.com/consik/demo/assets/fonts/fa-regular-400.eot]
[html.vecurosoft.com/consik/demo/assets/fonts/fa-regular-400d41d.eot]
[html.vecurosoft.com/consik/demo/assets/fonts/fa-regular-400.woff2]
[html.vecurosoft.com/consik/demo/assets/fonts/fa-regular-400.woff]
[html.vecurosoft.com/consik/demo/assets/fonts/fa-regular-400.ttf]
[html.vecurosoft.com/consik/demo/assets/fonts/fa-solid-900.eot]
[html.vecurosoft.com/consik/demo/assets/fonts/fa-solid-900d41d.eot]
[html.vecurosoft.com/consik/demo/assets/fonts/fa-solid-900.woff2]
[html.vecurosoft.com/consik/demo/assets/fonts/fa-solid-900.woff]
[html.vecurosoft.com/consik/demo/assets/fonts/fa-solid-900.ttf]
[html.vecurosoft.com/consik/demo/assets/css/fontawesome.min.css]
[html.vecurosoft.com/consik/demo/assets/css/magnific-popup.min.css]
[html.vecurosoft.com/consik/demo/assets/css/slick.min.css]
[html.vecurosoft.com/consik/demo/assets/css/select2.min.css]
[html.vecurosoft.com/consik/demo/assets/css/style.css]
[html.vecurosoft.com/consik/demo/assets/img/hero/hero-2-1.png]
[html.vecurosoft.com/consik/demo/assets/img/hero/hero-2-2.jpg]
[html.vecurosoft.com/consik/demo/assets/img/hero/hero-2-3.jpg]
[html.vecurosoft.com/consik/demo/assets/img/hero/hero-2-4.jpg]
[html.vecurosoft.com/consik/demo/assets/img/hero/hero-2-5.jpg]
[html.vecurosoft.com/consik/demo/assets/img/about/ab-2-4.png]
[html.vecurosoft.com/consik/demo/assets/img/about/ab-2-1.jpg]
[html.vecurosoft.com/consik/demo/assets/img/about/ab-2-2.jpg]
[html.vecurosoft.com/consik/demo/assets/img/about/ab-2-3.jpg]
[html.vecurosoft.com/consik/demo/assets/img/about/avatar-2-1.jpg]
[html.vecurosoft.com/consik/demo/assets/img/about/ab-2-5.png]
[html.vecurosoft.com/consik/demo/assets/img/services/service-h2-1.jpg]
[html.vecurosoft.com/consik/demo/assets/img/services/service-h2-2.jpg]
[html.vecurosoft.com/consik/demo/assets/img/services/service-h2-3.jpg]
[html.vecurosoft.com/consik/demo/assets/img/services/service-h2-4.jpg]
[html.vecurosoft.com/consik/demo/assets/img/project/element-1.png]
[html.vecurosoft.com/consik/demo/assets/img/project/project-h2-1.jpg]
[html.vecurosoft.com/consik/demo/assets/img/project/project-h2-2.jpg]
[html.vecurosoft.com/consik/demo/assets/img/choose/choose-2-1.jpg]
[html.vecurosoft.com/consik/demo/assets/img/client/client-1-2.png]
[html.vecurosoft.com/consik/demo/assets/img/client/client-1-1.png]
[html.vecurosoft.com/consik/demo/assets/img/loc/loc-bg.jpg]
[html.vecurosoft.com/consik/demo/assets/img/loc/loc-2-1.jpg]
[html.vecurosoft.com/consik/demo/assets/img/loc/loc-2-2.jpg]
[html.vecurosoft.com/consik/demo/assets/img/loc/loc-2-3.jpg]
[html.vecurosoft.com/consik/demo/assets/img/loc/loc-map.png]
[html.vecurosoft.com/consik/demo/assets/img/textures/estimate-texures-2.png]
[html.vecurosoft.com/consik/demo/assets/img/footer/footer-bg-h2.jpg]
[html.vecurosoft.com/consik/demo/index-2.html]
[html.vecurosoft.com/consik/demo/assets/img/hero/hero-3-1.jpg]
[html.vecurosoft.com/consik/demo/assets/img/cate/cate-1-1.jpg]
[html.vecurosoft.com/consik/demo/assets/img/cate/cate-1-2.jpg]
[html.vecurosoft.com/consik/demo/assets/img/cate/cate-1-3.jpg]
[html.vecurosoft.com/consik/demo/assets/img/cate/cate-1-4.jpg]
[html.vecurosoft.com/consik/demo/assets/img/about/ab-3-3.png]
[html.vecurosoft.com/consik/demo/assets/img/about/ab-3-1.jpg]
[html.vecurosoft.com/consik/demo/assets/img/about/ab-3-2.jpg]
[html.vecurosoft.com/consik/demo/assets/img/project/element-2.png]
[html.vecurosoft.com/consik/demo/assets/img/project/project-3-1.jpg]
[html.vecurosoft.com/consik/demo/assets/img/project/project-3-2.jpg]
[html.vecurosoft.com/consik/demo/assets/img/project/project-3-3.jpg]
[html.vecurosoft.com/consik/demo/assets/img/project/project-3-4.jpg]
[html.vecurosoft.com/consik/demo/assets/img/project/project-3-5.jpg]
[html.vecurosoft.com/consik/demo/assets/img/team/team-backlay-1.jpg]
[html.vecurosoft.com/consik/demo/assets/img/team/team-member-3-1.jpg]
[html.vecurosoft.com/consik/demo/assets/img/team/team-member-3-2.jpg]
[html.vecurosoft.com/consik/demo/assets/img/team/team-member-3-3.jpg]
[html.vecurosoft.com/consik/demo/assets/img/widget/widget-3-1.png]
[html.vecurosoft.com/consik/demo/assets/img/widget/widget-3-2.png]
[html.vecurosoft.com/consik/demo/assets/img/bg/bg-2.jpg]
[html.vecurosoft.com/consik/demo/assets/img/client/testi-1-2.jpg]
[html.vecurosoft.com/consik/demo/assets/img/client/testi-1-1.png]
[html.vecurosoft.com/consik/demo/assets/img/bg/bg-1.jpg]
[html.vecurosoft.com/consik/demo/assets/img/quote/quote-img-1.png]
[html.vecurosoft.com/consik/demo/assets/img/blog/blog-s-2-1.jpg]
[html.vecurosoft.com/consik/demo/assets/img/textures/texture-1.png]
[html.vecurosoft.com/consik/demo/assets/img/footer/footer-bg.jpg]
[html.vecurosoft.com/consik/demo/index-3.html]
[html.vecurosoft.com/consik/demo/assets/img/breadcumb/breadcumb-bg.jpg]
[html.vecurosoft.com/consik/demo/assets/img/about/ab-4-1.png]
[html.vecurosoft.com/consik/demo/assets/img/about/ab-4-2.jpg]
[html.vecurosoft.com/consik/demo/about.html]
[html.vecurosoft.com/consik/demo/service.html]
[html.vecurosoft.com/consik/demo/services.html]
[html.vecurosoft.com/consik/demo/assets/img/services/service-details-1.jpg]
[html.vecurosoft.com/consik/demo/assets/img/services/service-details-2.jpg]
[html.vecurosoft.com/consik/demo/assets/img/services/service-details-3.jpg]
[html.vecurosoft.com/consik/demo/service-details.html]
[html.vecurosoft.com/consik/demo/assets/img/product/product1-1.png]
[html.vecurosoft.com/consik/demo/assets/img/product/product1-2.png]
[html.vecurosoft.com/consik/demo/assets/img/product/product1-3.png]
[html.vecurosoft.com/consik/demo/assets/img/product/product1-4.png]
[html.vecurosoft.com/consik/demo/assets/img/product/product1-5.png]
[html.vecurosoft.com/consik/demo/assets/img/product/product1-6.png]
[html.vecurosoft.com/consik/demo/assets/img/product/product1-7.png]
[html.vecurosoft.com/consik/demo/assets/img/product/product1-8.png]
[html.vecurosoft.com/consik/demo/assets/img/product/product1-9.png]
[html.vecurosoft.com/consik/demo/shop.html]
[html.vecurosoft.com/consik/demo/assets/img/widget/info.png]
[html.vecurosoft.com/consik/demo/assets/img/product/reviewer-1.jpg]
[html.vecurosoft.com/consik/demo/assets/img/product/reviewer-2.jpg]
[html.vecurosoft.com/consik/demo/shop-details.html]
[html.vecurosoft.com/consik/demo/faq.html]
[html.vecurosoft.com/consik/demo/assets/img/blog/blog-s-1-1.jpg]
[html.vecurosoft.com/consik/demo/assets/img/blog/blog-s-1-2.jpg]
[html.vecurosoft.com/consik/demo/assets/img/blog/blog-s-1-6.jpg]
[html.vecurosoft.com/consik/demo/assets/img/blog/blog-s-1-3.jpg]
[html.vecurosoft.com/consik/demo/assets/img/blog/blog-s-1-4.jpg]
[html.vecurosoft.com/consik/demo/assets/img/blog/blog-s-1-5.jpg]
[html.vecurosoft.com/consik/demo/assets/img/blog/recent-post-1-1.jpg]
[html.vecurosoft.com/consik/demo/assets/img/blog/recent-post-1-2.jpg]
[html.vecurosoft.com/consik/demo/assets/img/blog/recent-post-1-3.jpg]
[html.vecurosoft.com/consik/demo/assets/img/blog/gal-1-1.jpg]
[html.vecurosoft.com/consik/demo/assets/img/blog/gal-1-2.jpg]
[html.vecurosoft.com/consik/demo/assets/img/blog/gal-1-3.jpg]
[html.vecurosoft.com/consik/demo/assets/img/blog/gal-1-4.jpg]
[html.vecurosoft.com/consik/demo/assets/img/blog/gal-1-5.jpg]
[html.vecurosoft.com/consik/demo/assets/img/blog/gal-1-6.jpg]
[html.vecurosoft.com/consik/demo/assets/img/widget/widget-bg-1-1.png]
[html.vecurosoft.com/consik/demo/blog.html]
[html.vecurosoft.com/consik/demo/assets/img/blog/blog-h-1-4.jpg]
[html.vecurosoft.com/consik/demo/assets/img/blog/blog-h-1-5.jpg]
[html.vecurosoft.com/consik/demo/assets/img/blog/blog-h-1-6.jpg]
[html.vecurosoft.com/consik/demo/assets/img/blog/blog-h-1-7.jpg]
[html.vecurosoft.com/consik/demo/assets/img/blog/blog-h-1-8.jpg]
[html.vecurosoft.com/consik/demo/assets/img/blog/blog-h-1-9.jpg]
[html.vecurosoft.com/consik/demo/blog-grid.html]
[html.vecurosoft.com/consik/demo/assets/img/blog/blockquote-bg.png]
[html.vecurosoft.com/consik/demo/assets/img/blog/blog-details-s-1.jpg]
[html.vecurosoft.com/consik/demo/assets/img/blog/blog-details-s-2.jpg]
[html.vecurosoft.com/consik/demo/assets/img/blog/comment-author-1.jpg]
[html.vecurosoft.com/consik/demo/assets/img/blog/comment-author-2.jpg]
[html.vecurosoft.com/consik/demo/blog-details.html]
[html.vecurosoft.com/consik/demo/assets/img/team/team-member-3-4.jpg]
[html.vecurosoft.com/consik/demo/assets/img/team/team-member-3-5.jpg]
[html.vecurosoft.com/consik/demo/assets/img/team/team-member-3-6.jpg]
[html.vecurosoft.com/consik/demo/team.html]
[html.vecurosoft.com/consik/demo/assets/img/team/team-details-1-1.jpg]
[html.vecurosoft.com/consik/demo/assets/img/team/team-details-bg.jpg]
[html.vecurosoft.com/consik/demo/team-details.html]
[html.vecurosoft.com/consik/demo/assets/img/project/project-4-1.jpg]
[html.vecurosoft.com/consik/demo/assets/img/project/project-4-2.jpg]
[html.vecurosoft.com/consik/demo/assets/img/project/project-4-3.jpg]
[html.vecurosoft.com/consik/demo/assets/img/project/project-4-4.jpg]
[html.vecurosoft.com/consik/demo/assets/img/project/project-4-5.jpg]
[html.vecurosoft.com/consik/demo/assets/img/project/project-4-6.jpg]
[html.vecurosoft.com/consik/demo/assets/img/project/project-4-7.jpg]
[html.vecurosoft.com/consik/demo/assets/img/project/project-4-8.jpg]
[html.vecurosoft.com/consik/demo/project.html]
[html.vecurosoft.com/consik/demo/assets/img/project/project-details-1-1.jpg]
[html.vecurosoft.com/consik/demo/assets/img/project/project-details-1-2.jpg]
[html.vecurosoft.com/consik/demo/assets/img/project/project-details-1-3.jpg]
[html.vecurosoft.com/consik/demo/assets/img/project/project-details-1-4.jpg]
[html.vecurosoft.com/consik/demo/assets/img/project/project-details-1-5.jpg]
[html.vecurosoft.com/consik/demo/project-details.html]
[html.vecurosoft.com/consik/demo/contact.html]
[html.vecurosoft.com/consik/demo/assets/img/bg/bg-3.jpg]
[html.vecurosoft.com/consik/demo/error.html]
[html.vecurosoft.com/consik/demo/comming-soon.html]
[html.vecurosoft.com/consik/demo/account.html]
[html.vecurosoft.com/consik/demo/assets/img/textures/coupon-bg.png]
[html.vecurosoft.com/consik/demo/assets/img/textures/cart-bg.png]
[html.vecurosoft.com/consik/demo/cart.html]
[html.vecurosoft.com/consik/demo/assets/img/textures/checkout-bg.png]
[html.vecurosoft.com/consik/demo/checkout.html]
[html.vecurosoft.com/consik/demo/price.html]
[html.vecurosoft.com/consik/demo/element-typography.html]
[html.vecurosoft.com/consik/demo/element-buttons.html]
[html.vecurosoft.com/consik/demo/assets/img/logo-4-1.png]
[html.vecurosoft.com/consik/demo/assets/img/bg/bg-4-1.jpg]
[html.vecurosoft.com/consik/demo/assets/img/shape/h4-shape-1.png]
[html.vecurosoft.com/consik/demo/assets/img/logo-icon.png]
[html.vecurosoft.com/consik/demo/assets/img/about/ab-n-4-1.jpg]
[html.vecurosoft.com/consik/demo/assets/img/about/ab-n-4-2.jpg]
[html.vecurosoft.com/consik/demo/assets/img/about/ab-n-4-3.jpg]
[html.vecurosoft.com/consik/demo/assets/img/about/ab-n-4-4.jpg]
[html.vecurosoft.com/consik/demo/assets/img/services/s-4-2.png]
[html.vecurosoft.com/consik/demo/assets/img/textures/service-block-bg-3.png]
[html.vecurosoft.com/consik/demo/assets/img/services/s-4-1.jpg]
[html.vecurosoft.com/consik/demo/assets/img/others/o-4-1.jpg]
[html.vecurosoft.com/consik/demo/assets/img/shape/h4-shape-2.png]
[html.vecurosoft.com/consik/demo/assets/img/shape/h4-shape-3.png]
[html.vecurosoft.com/consik/demo/assets/img/shape/h4-shape-4.png]
[html.vecurosoft.com/consik/demo/assets/img/others/o-4-2.png]
[html.vecurosoft.com/consik/demo/assets/img/project/p-4-2.png]
[html.vecurosoft.com/consik/demo/assets/img/project/p-4-5.png]
[html.vecurosoft.com/consik/demo/assets/img/project/p-4-1.jpg]
[html.vecurosoft.com/consik/demo/assets/img/bg/bg-4-2.jpg]
[html.vecurosoft.com/consik/demo/assets/img/cta/cta-1-1.jpg]
[html.vecurosoft.com/consik/demo/assets/img/bg/p-4-1.png]
[html.vecurosoft.com/consik/demo/assets/img/shape/p-4-1.png]
[html.vecurosoft.com/consik/demo/assets/img/shape/p-4-2.png]
[html.vecurosoft.com/consik/demo/assets/img/client/c-4-2.png]
[html.vecurosoft.com/consik/demo/assets/img/icons/i-q-1-1.png]
[html.vecurosoft.com/consik/demo/assets/img/client/c-4-1.jpg]
[html.vecurosoft.com/consik/demo/assets/img/ot/i-4-5.png]
[html.vecurosoft.com/consik/demo/assets/img/ot/i-4-4.jpg]
[html.vecurosoft.com/consik/demo/assets/img/ot/i-4-1.jpg]
[html.vecurosoft.com/consik/demo/assets/img/ot/i-4-2.jpg]
[html.vecurosoft.com/consik/demo/assets/img/ot/i-4-3.jpg]
[html.vecurosoft.com/consik/demo/assets/img/blog/blog-h-4-1.jpg]
[html.vecurosoft.com/consik/demo/assets/img/blog/blog-author-4-1.jpg]
[html.vecurosoft.com/consik/demo/assets/img/blog/blog-h-4-2.jpg]
[html.vecurosoft.com/consik/demo/assets/img/blog/blog-author-4-2.jpg]
[html.vecurosoft.com/consik/demo/assets/img/blog/blog-h-4-3.jpg]
[html.vecurosoft.com/consik/demo/assets/img/project/n-4-1.png]
[html.vecurosoft.com/consik/demo/assets/img/footer/footer-bg-h4.jpg]
[html.vecurosoft.com/consik/demo/assets/img/blog/recent-post-4-1.jpg]
[html.vecurosoft.com/consik/demo/assets/img/blog/recent-post-4-2.jpg]
[html.vecurosoft.com/consik/demo/assets/img/logo-white.png]
[html.vecurosoft.com/consik/demo/index-4.html]
[html.vecurosoft.com/consik/demo/assets/img/logo-5-1.png]
[html.vecurosoft.com/consik/demo/assets/img/shape/hero-shape-5-1.png]
[html.vecurosoft.com/consik/demo/assets/img/bg/bg-5-1.jpg]
[html.vecurosoft.com/consik/demo/assets/img/hero/hero-thumb-5-1.png]
[html.vecurosoft.com/consik/demo/assets/img/shape/s-1-1.png]
[html.vecurosoft.com/consik/demo/assets/img/services/service-h5-1.jpg]
[html.vecurosoft.com/consik/demo/assets/img/services/service-h5-2.jpg]
[html.vecurosoft.com/consik/demo/assets/img/services/service-h5-3.jpg]
[html.vecurosoft.com/consik/demo/assets/img/pattern/pattern-bg-5-2.png]
[html.vecurosoft.com/consik/demo/assets/img/about/ab-5-1.jpg]
[html.vecurosoft.com/consik/demo/assets/img/about/ab-5-2.jpg]
[html.vecurosoft.com/consik/demo/assets/img/about/ab-5-3.png]
[html.vecurosoft.com/consik/demo/assets/img/about/ab-5-4.png]
[html.vecurosoft.com/consik/demo/assets/img/bg/bg-5-2.jpg]
[html.vecurosoft.com/consik/demo/assets/img/shape/s-5-1.png]
[html.vecurosoft.com/consik/demo/assets/img/shape/s-5-2.png]
[html.vecurosoft.com/consik/demo/assets/img/project/project-video-thumb1.jpg]
[html.vecurosoft.com/consik/demo/assets/img/project/project-img-5-1.jpg]
[html.vecurosoft.com/consik/demo/assets/img/project/project-img-5-2.jpg]
[html.vecurosoft.com/consik/demo/assets/img/bg/team-bg-5-1.png]
[html.vecurosoft.com/consik/demo/assets/img/bg/team-bg-5-2.png]
[html.vecurosoft.com/consik/demo/assets/img/team/team-member-5-1.png]
[html.vecurosoft.com/consik/demo/assets/img/team/team-member-5-2.png]
[html.vecurosoft.com/consik/demo/assets/img/team/team-member-5-3.png]
[html.vecurosoft.com/consik/demo/assets/img/bg/service-bg-5-1.png]
[html.vecurosoft.com/consik/demo/assets/img/services/service-h5-4.png]
[html.vecurosoft.com/consik/demo/assets/img/contact/contact-left-img1.png]
[html.vecurosoft.com/consik/demo/assets/img/pattern/pattern-bg-5-1.png]
[html.vecurosoft.com/consik/demo/assets/img/bg/footer-bg-5-1.jpg]
[html.vecurosoft.com/consik/demo/index-5.html]
[html.vecurosoft.com/consik/demo/assets/img/icons/phone-icon.svg]
[html.vecurosoft.com/consik/demo/assets/img/icons/service-icon-1-1.svg]
[html.vecurosoft.com/consik/demo/assets/img/icons/service-icon-1-2.svg]
[html.vecurosoft.com/consik/demo/assets/img/icons/service-icon-1-3.svg]
[html.vecurosoft.com/consik/demo/assets/img/icons/phone-info.svg]
[html.vecurosoft.com/consik/demo/facebook.html]
[html.vecurosoft.com/consik/demo/assets/img/icons/location-info.svg]
[html.vecurosoft.com/consik/demo/assets/img/icons/open-mail-info.svg]
[html.vecurosoft.com/consik/demo/assets/img/icons/phone-icon-white.svg]
[html.vecurosoft.com/consik/demo/assets/fonts/fa-brands-400.html]
[html.vecurosoft.com/consik/demo/assets/fonts/fa-duotone-900.html]
[html.vecurosoft.com/consik/demo/assets/fonts/fa-light-300.html]
[html.vecurosoft.com/consik/demo/assets/fonts/fa-regular-400.html]
[html.vecurosoft.com/consik/demo/assets/fonts/fa-solid-900.html]
[html.vecurosoft.com/consik/demo/assets/img/icons/service-icon-2-1.svg]
[html.vecurosoft.com/consik/demo/assets/img/icons/service-icon-2-2.svg]
[html.vecurosoft.com/consik/demo/assets/img/icons/service-icon-2-3.svg]
[html.vecurosoft.com/consik/demo/assets/img/icons/iphone-white.svg]
[html.vecurosoft.com/consik/demo/assets/img/icons/location-1.svg]
[html.vecurosoft.com/consik/demo/assets/img/icons/paper-plane.svg]
[html.vecurosoft.com/consik/demo/assets/img/textures/header-textures-1.svg]
[html.vecurosoft.com/consik/demo/assets/img/icons/phone.svg]
[html.vecurosoft.com/consik/demo/assets/img/icons/email.svg]
[html.vecurosoft.com/consik/demo/assets/img/icons/map-location.svg]
[html.vecurosoft.com/consik/demo/assets/img/icons/cate-icon-1-1.svg]
[html.vecurosoft.com/consik/demo/cate-details.html]
[html.vecurosoft.com/consik/demo/assets/img/icons/cate-icon-1-2.svg]
[html.vecurosoft.com/consik/demo/assets/img/icons/cate-icon-1-3.svg]
[html.vecurosoft.com/consik/demo/assets/img/icons/cate-icon-1-4.svg]
[html.vecurosoft.com/consik/demo/assets/img/textures/widget-textures-1.svg]
[html.vecurosoft.com/consik/demo/assets/img/textures/sucess-bg-1.svg]
[html.vecurosoft.com/consik/demo/assets/img/icons/sucess-icon-1.svg]
[html.vecurosoft.com/consik/demo/assets/img/icons/sucess-icon-2.svg]
[html.vecurosoft.com/consik/demo/assets/img/icons/sucess-icon-3.svg]
[html.vecurosoft.com/consik/demo/assets/img/icons/quote-icon.svg]
[html.vecurosoft.com/consik/demo/assets/img/textures/price-textures.svg]
[html.vecurosoft.com/consik/demo/assets/img/icons/price-icon-1.svg]
[html.vecurosoft.com/consik/demo/assets/img/icons/price-icon-2.svg]
[html.vecurosoft.com/consik/demo/assets/img/icons/price-icon-3.svg]
[html.vecurosoft.com/consik/demo/assets/img/textures/quote-textures.svg]
[html.vecurosoft.com/consik/demo/assets/img/icons/service-details-icon-1.svg]
[html.vecurosoft.com/consik/demo/assets/img/icons/comment.svg]
[html.vecurosoft.com/consik/demo/assets/img/icons/quotation-mark.svg]
[html.vecurosoft.com/consik/demo/assets/img/icons/team-details-icon-1.svg]
[html.vecurosoft.com/consik/demo/assets/img/icons/team-details-icon-2.svg]
[html.vecurosoft.com/consik/demo/assets/img/icons/team-details-icon-3.svg]
[html.vecurosoft.com/consik/demo/assets/img/icons/ct-icon-1.svg]
[html.vecurosoft.com/consik/demo/assets/img/icons/ct-icon-2.svg]
[html.vecurosoft.com/consik/demo/assets/img/icons/ct-icon-3.svg]
[html.vecurosoft.com/consik/demo/assets/img/icons/ct-icon-4.svg]
[html.vecurosoft.com/consik/demo/assets/img/icons/user-icon-1.svg]
[html.vecurosoft.com/consik/demo/assets/img/textures/register-textures.svg]
[html.vecurosoft.com/consik/demo/shop-detailis.html]
[html.vecurosoft.com/consik/demo/assets/img/icons/h4-i-1.svg]
[html.vecurosoft.com/consik/demo/assets/img/icons/h4-i-2.svg]
[html.vecurosoft.com/consik/demo/assets/img/icons/h4-i-3.svg]
[html.vecurosoft.com/consik/demo/assets/img/icons/i-4-1.svg]
[html.vecurosoft.com/consik/demo/assets/img/icons/p-4-1.svg]
[html.vecurosoft.com/consik/demo/assets/img/icons/s-5-1.svg]
[html.vecurosoft.com/consik/demo/assets/img/icons/s-5-2.svg]
[html.vecurosoft.com/consik/demo/assets/img/icons/s-5-3.svg]
[html.vecurosoft.com/consik/demo/assets/img/icons/check-icon-5.svg]
[html.vecurosoft.com/consik/demo/assets/img/icons/ab-5-1.svg]
[html.vecurosoft.com/consik/demo/assets/img/icons/call-icon-5.svg]
[html.vecurosoft.com/consik/demo/assets/img/icons/counter-5-1.svg]
[html.vecurosoft.com/consik/demo/assets/img/icons/counter-5-2.svg]
[html.vecurosoft.com/consik/demo/assets/img/icons/counter-5-3.svg]
[html.vecurosoft.com/consik/demo/assets/img/icons/service-layout-6-1.svg]
[html.vecurosoft.com/consik/demo/assets/img/icons/service-layout-6-2.svg]
[html.vecurosoft.com/consik/demo/assets/img/icons/service-layout-6-3.svg]
[html.vecurosoft.com/consik/demo/assets/img/icons/service-layout-6-4.svg]
[html.vecurosoft.com/consik/demo/assets/img/icons/service-layout-6-5.svg]
